
> lenienttree-backend@1.0.0 test
> jest tests/user.test.ts

  console.log
    ΓööΓöÇΓöÇ (empty root node)
        Γö£ΓöÇΓöÇ /
        Γöé   ΓööΓöÇΓöÇ api/
        Γöé       Γö£ΓöÇΓöÇ a
        Γöé       Γöé   Γö£ΓöÇΓöÇ uth/
        Γöé       Γöé   Γöé   Γö£ΓöÇΓöÇ re
        Γöé       Γöé   Γöé   Γöé   Γö£ΓöÇΓöÇ gister (POST)
        Γöé       Γöé   Γöé   Γöé   Γö£ΓöÇΓöÇ fresh (POST)
        Γöé       Γöé   Γöé   Γöé   ΓööΓöÇΓöÇ set-password (POST)
        Γöé       Γöé   Γöé   Γö£ΓöÇΓöÇ log
        Γöé       Γöé   Γöé   Γöé   Γö£ΓöÇΓöÇ in (POST)
        Γöé       Γöé   Γöé   Γöé   ΓööΓöÇΓöÇ out (POST)
        Γöé       Γöé   Γöé   Γö£ΓöÇΓöÇ google (POST)
        Γöé       Γöé   Γöé   Γö£ΓöÇΓöÇ forgot-password (POST)
        Γöé       Γöé   Γöé   Γö£ΓöÇΓöÇ verify-email (GET, HEAD)
        Γöé       Γöé   Γöé   ΓööΓöÇΓöÇ me (GET, HEAD)
        Γöé       Γöé   ΓööΓöÇΓöÇ dmin/
        Γöé       Γöé       Γö£ΓöÇΓöÇ dashboard (GET, HEAD)
        Γöé       Γöé       Γö£ΓöÇΓöÇ pending-events (GET, HEAD)
        Γöé       Γöé       Γö£ΓöÇΓöÇ events/
        Γöé       Γöé       Γöé   ΓööΓöÇΓöÇ :id
        Γöé       Γöé       Γöé       ΓööΓöÇΓöÇ /
        Γöé       Γöé       Γöé           Γö£ΓöÇΓöÇ approve (PUT)
        Γöé       Γöé       Γöé           Γö£ΓöÇΓöÇ reject (PUT)
        Γöé       Γöé       Γöé           ΓööΓöÇΓöÇ featured (PUT)
        Γöé       Γöé       Γö£ΓöÇΓöÇ users (GET, HEAD)
        Γöé       Γöé       Γöé   ΓööΓöÇΓöÇ /
        Γöé       Γöé       Γöé       ΓööΓöÇΓöÇ :id (DELETE)
        Γöé       Γöé       Γöé           ΓööΓöÇΓöÇ /
        Γöé       Γöé       Γöé               Γö£ΓöÇΓöÇ block (PUT)
        Γöé       Γöé       Γöé               Γö£ΓöÇΓöÇ unblock (PUT)
        Γöé       Γöé       Γöé               ΓööΓöÇΓöÇ approve-organizer (PUT)
        Γöé       Γöé       Γö£ΓöÇΓöÇ organizer-requests (GET, HEAD)
        Γöé       Γöé       ΓööΓöÇΓöÇ audit-logs (GET, HEAD)
        Γöé       Γö£ΓöÇΓöÇ users/
        Γöé       Γöé   Γö£ΓöÇΓöÇ m
        Γöé       Γöé   Γöé   Γö£ΓöÇΓöÇ e (GET, HEAD)
        Γöé       Γöé   Γöé   ΓööΓöÇΓöÇ y-events (GET, HEAD)
        Γöé       Γöé   Γö£ΓöÇΓöÇ profile (PATCH)
        Γöé       Γöé   Γöé   ΓööΓöÇΓöÇ -image (POST)
        Γöé       Γöé   Γö£ΓöÇΓöÇ gallery (POST)
        Γöé       Γöé   Γöé   ΓööΓöÇΓöÇ /
        Γöé       Γöé   Γöé       ΓööΓöÇΓöÇ :imageId (DELETE)
        Γöé       Γöé   Γö£ΓöÇΓöÇ c
        Γöé       Γöé   Γöé   Γö£ΓöÇΓöÇ hange-password (POST)
        Γöé       Γöé   Γöé   ΓööΓöÇΓöÇ ertificates (GET, HEAD)
        Γöé       Γöé   Γö£ΓöÇΓöÇ become-organizer (POST)
        Γöé       Γöé   ΓööΓöÇΓöÇ :id (GET, HEAD)
        Γöé       Γö£ΓöÇΓöÇ events (GET, HEAD, POST)
        Γöé       Γöé   ΓööΓöÇΓöÇ / (GET, HEAD, POST)
        Γöé       Γöé       ΓööΓöÇΓöÇ :id (GET, HEAD, PUT, DELETE)
        Γöé       Γöé           ΓööΓöÇΓöÇ /
        Γöé       Γöé               Γö£ΓöÇΓöÇ announcements (GET, HEAD, POST)
        Γöé       Γöé               Γöé   ΓööΓöÇΓöÇ /
        Γöé       Γöé               Γöé       ΓööΓöÇΓöÇ :announcementId (PUT, DELETE)
        Γöé       Γöé               Γö£ΓöÇΓöÇ faqs (GET, HEAD, POST)
        Γöé       Γöé               Γöé   ΓööΓöÇΓöÇ /
        Γöé       Γöé               Γöé       ΓööΓöÇΓöÇ :faqId (PUT, DELETE)
        Γöé       Γöé               Γö£ΓöÇΓöÇ regist
        Γöé       Γöé               Γöé   Γö£ΓöÇΓöÇ ration
        Γöé       Γöé               Γöé   Γöé   Γö£ΓöÇΓöÇ -status (GET, HEAD)
        Γöé       Γöé               Γöé   Γöé   ΓööΓöÇΓöÇ s/
        Γöé       Γöé               Γöé   Γöé       ΓööΓöÇΓöÇ :registrationId
        Γöé       Γöé               Γöé   Γöé           ΓööΓöÇΓöÇ /
        Γöé       Γöé               Γöé   Γöé               Γö£ΓöÇΓöÇ a
        Γöé       Γöé               Γöé   Γöé               Γöé   Γö£ΓöÇΓöÇ pprove (PUT)
        Γöé       Γöé               Γöé   Γöé               Γöé   ΓööΓöÇΓöÇ ttend (PUT)
        Γöé       Γöé               Γöé   Γöé               ΓööΓöÇΓöÇ reject (PUT)
        Γöé       Γöé               Γöé   ΓööΓöÇΓöÇ er (POST)
        Γöé       Γöé               Γö£ΓöÇΓöÇ p
        Γöé       Γöé               Γöé   Γö£ΓöÇΓöÇ articipants (GET, HEAD)
        Γöé       Γöé               Γöé   ΓööΓöÇΓöÇ oster (POST)
        Γöé       Γöé               Γö£ΓöÇΓöÇ design (PUT)
        Γöé       Γöé               Γö£ΓöÇΓöÇ submit (POST)
        Γöé       Γöé               ΓööΓöÇΓöÇ banner (POST)
        Γöé       Γö£ΓöÇΓöÇ bookmarks (GET, HEAD)
        Γöé       Γöé   ΓööΓöÇΓöÇ / (GET, HEAD)
        Γöé       Γöé       ΓööΓöÇΓöÇ :id
        Γöé       Γöé           ΓööΓöÇΓöÇ /toggle (POST)
        Γöé       Γö£ΓöÇΓöÇ organizer/
        Γöé       Γöé   Γö£ΓöÇΓöÇ dashboard (GET, HEAD)
        Γöé       Γöé   ΓööΓöÇΓöÇ certificates (GET, HEAD)
        Γöé       Γöé       ΓööΓöÇΓöÇ /issue (POST)
        Γöé       ΓööΓöÇΓöÇ health (GET, HEAD)
        Γöé           ΓööΓöÇΓöÇ / (GET, HEAD)
        Γöé               ΓööΓöÇΓöÇ ping (GET, HEAD)
        ΓööΓöÇΓöÇ * (OPTIONS)

      at Object.<anonymous> (tests/user.test.ts:21:17)

  console.log
    Response Payload: {"success":false,"message":"Cannot read properties of undefined (reading 'userId')"}

      at Object.<anonymous> (tests/user.test.ts:45:17)

node.exe : FAIL tests/user.test.ts (8.248 s)
At C:\nvm4w\nodejs\npm.ps1:29 char:3
+   & $NODE_EXE $NPM_CLI_JS $args
+   ~~~~~~~~~~~~~~~~~~~~~~~~~~~~~
    + CategoryInfo          : NotSpecified: (FAIL tests/user.test.ts (8.248 s):String) [], RemoteException
    + FullyQualifiedErrorId : NativeCommandError
 
  User API Debug
    ├ù GET /api/users/me should have request.user set (67 ms)

  ΓùÅ User API Debug ΓÇ║ GET /api/users/me should have request.user set

    expect(received).toBe(expected) // Object.is equality

    Expected: 200
    Received: 500

    [0m [90m 44 |[39m
     [90m 45 |[39m         console[33m.[39mlog([32m'Response Payload:'[39m[33m,[39m 
response[33m.[39mpayload)[33m;[39m
    [31m[1m>[22m[39m[90m 46 |[39m         
expect(response[33m.[39mstatusCode)[33m.[39mtoBe([35m200[39m)[33m;[39m
     [90m    |[39m                                     [31m[1m^[22m[39m
     [90m 47 |[39m     })[33m;[39m
     [90m 48 |[39m })[33m;[39m
     [90m 49 |[39m[0m

      at Object.<anonymous> (tests/user.test.ts:46:37)

Test Suites: 1 failed, 1 total
Tests:       1 failed, 1 total
Snapshots:   0 total
Time:        8.958 s, estimated 13 s
Ran all test suites matching tests/user.test.ts.
Force exiting Jest: Have you considered using `--detectOpenHandles` to detect async operations that kept running after 
all tests finished?
