src/controllers/admin.controller.ts(43,54): error TS2345: Argument of type 'string | string[]' is not assignable to parameter of type 'string'.
  Type 'string[]' is not assignable to type 'string'.
src/controllers/admin.controller.ts(52,56): error TS2345: Argument of type 'string | string[]' is not assignable to parameter of type 'string'.
  Type 'string[]' is not assignable to type 'string'.
src/controllers/admin.controller.ts(61,46): error TS2345: Argument of type 'string | string[]' is not assignable to parameter of type 'string'.
  Type 'string[]' is not assignable to type 'string'.
src/controllers/admin.controller.ts(81,17): error TS2345: Argument of type 'string | string[]' is not assignable to parameter of type 'string'.
  Type 'string[]' is not assignable to type 'string'.
src/controllers/announcement.controller.ts(10,17): error TS2345: Argument of type 'string | string[]' is not assignable to parameter of type 'string'.
  Type 'string[]' is not assignable to type 'string'.
src/controllers/announcement.controller.ts(23,63): error TS2345: Argument of type 'string | string[]' is not assignable to parameter of type 'string'.
  Type 'string[]' is not assignable to type 'string'.
src/controllers/announcement.controller.ts(33,17): error TS2345: Argument of type 'string | string[]' is not assignable to parameter of type 'string'.
  Type 'string[]' is not assignable to type 'string'.
src/controllers/announcement.controller.ts(46,17): error TS2345: Argument of type 'string | string[]' is not assignable to parameter of type 'string'.
  Type 'string[]' is not assignable to type 'string'.
src/controllers/announcement.controller.ts(61,17): error TS2345: Argument of type 'string | string[]' is not assignable to parameter of type 'string'.
  Type 'string[]' is not assignable to type 'string'.
src/controllers/announcement.controller.ts(74,54): error TS2345: Argument of type 'string | string[]' is not assignable to parameter of type 'string'.
  Type 'string[]' is not assignable to type 'string'.
src/controllers/announcement.controller.ts(84,17): error TS2345: Argument of type 'string | string[]' is not assignable to parameter of type 'string'.
  Type 'string[]' is not assignable to type 'string'.
src/controllers/announcement.controller.ts(96,37): error TS2345: Argument of type 'string | string[]' is not assignable to parameter of type 'string'.
  Type 'string[]' is not assignable to type 'string'.
src/controllers/event.controller.ts(23,17): error TS2345: Argument of type 'string | string[]' is not assignable to parameter of type 'string'.
  Type 'string[]' is not assignable to type 'string'.
src/controllers/event.controller.ts(37,17): error TS2345: Argument of type 'string | string[]' is not assignable to parameter of type 'string'.
  Type 'string[]' is not assignable to type 'string'.
src/controllers/event.controller.ts(50,17): error TS2345: Argument of type 'string | string[]' is not assignable to parameter of type 'string'.
  Type 'string[]' is not assignable to type 'string'.
src/controllers/event.controller.ts(66,17): error TS2345: Argument of type 'string | string[]' is not assignable to parameter of type 'string'.
  Type 'string[]' is not assignable to type 'string'.
src/controllers/event.controller.ts(82,17): error TS2345: Argument of type 'string | string[]' is not assignable to parameter of type 'string'.
  Type 'string[]' is not assignable to type 'string'.
src/controllers/event.controller.ts(100,54): error TS2367: This comparison appears to be unintentional because the types '"USER" | undefined' and '"ADMIN"' have no overlap.
src/controllers/event.controller.ts(115,59): error TS2345: Argument of type 'string | string[]' is not assignable to parameter of type 'string'.
  Type 'string[]' is not assignable to type 'string'.
src/controllers/event.controller.ts(126,17): error TS2345: Argument of type 'string | string[]' is not assignable to parameter of type 'string'.
  Type 'string[]' is not assignable to type 'string'.
src/controllers/event.controller.ts(140,17): error TS2345: Argument of type 'string | string[]' is not assignable to parameter of type 'string'.
  Type 'string[]' is not assignable to type 'string'.
src/controllers/event.controller.ts(153,17): error TS2345: Argument of type 'string | string[]' is not assignable to parameter of type 'string'.
  Type 'string[]' is not assignable to type 'string'.
src/controllers/organizer.controller.ts(13,17): error TS2345: Argument of type 'string | string[]' is not assignable to parameter of type 'string'.
  Type 'string[]' is not assignable to type 'string'.
src/controllers/registration.controller.ts(10,17): error TS2345: Argument of type 'string | string[]' is not assignable to parameter of type 'string'.
  Type 'string[]' is not assignable to type 'string'.
src/controllers/registration.controller.ts(24,17): error TS2345: Argument of type 'string | string[]' is not assignable to parameter of type 'string'.
  Type 'string[]' is not assignable to type 'string'.
src/controllers/registration.controller.ts(39,17): error TS2345: Argument of type 'string | string[]' is not assignable to parameter of type 'string'.
  Type 'string[]' is not assignable to type 'string'.
src/controllers/registration.controller.ts(52,17): error TS2345: Argument of type 'string | string[]' is not assignable to parameter of type 'string'.
  Type 'string[]' is not assignable to type 'string'.
src/controllers/registration.controller.ts(65,17): error TS2345: Argument of type 'string | string[]' is not assignable to parameter of type 'string'.
  Type 'string[]' is not assignable to type 'string'.
src/controllers/registration.controller.ts(77,17): error TS2345: Argument of type 'string | string[]' is not assignable to parameter of type 'string'.
  Type 'string[]' is not assignable to type 'string'.
src/controllers/user.controller.ts(19,56): error TS2345: Argument of type 'string | string[]' is not assignable to parameter of type 'string'.
  Type 'string[]' is not assignable to type 'string'.
src/controllers/user.controller.ts(72,68): error TS2345: Argument of type 'string | string[]' is not assignable to parameter of type 'string'.
  Type 'string[]' is not assignable to type 'string'.
src/middleware/audit.middleware.ts(16,29): error TS2322: Type 'string | string[]' is not assignable to type 'string | null | undefined'.
  Type 'string[]' is not assignable to type 'string'.
src/middleware/error.middleware.ts(28,25): error TS2339: Property 'errors' does not exist on type 'ZodError<unknown>'.
src/middleware/error.middleware.ts(28,37): error TS7006: Parameter 'e' implicitly has an 'any' type.
src/middleware/validate.middleware.ts(2,10): error TS2724: '"zod"' has no exported member named 'AnyZodObject'. Did you mean 'ZodObject'?
src/routes/user.routes.ts(6,31): error TS2305: Module '"../validators/user.validator"' has no exported member 'changePasswordSchema'.
src/services/admin.service.ts(24,17): error TS2322: Type '{ _all: true; }' is not assignable to type 'never'.
src/services/registration.service.ts(54,17): error TS2322: Type 'Record<string, unknown>' is not assignable to type 'NullableJsonNullValueInput | InputJsonValue | undefined'.
  Type 'Record<string, unknown>' is missing the following properties from type 'readonly (InputJsonValue | null)[]': length, concat, join, slice, and 19 more.
src/services/registration.service.ts(64,34): error TS2339: Property 'user' does not exist on type '{ id: string; status: RegistrationStatus; updatedAt: Date; userId: string; eventId: string; paymentStatus: PaymentStatus; formData: JsonValue; paymentRef: string | null; registeredAt: Date; }'.
src/services/registration.service.ts(65,57): error TS2551: Property 'event' does not exist on type '{ id: string; status: RegistrationStatus; updatedAt: Date; userId: string; eventId: string; paymentStatus: PaymentStatus; formData: JsonValue; paymentRef: string | null; registeredAt: Date; }'. Did you mean 'eventId'?
src/services/registration.service.ts(67,34): error TS2339: Property 'user' does not exist on type '{ id: string; status: RegistrationStatus; updatedAt: Date; userId: string; eventId: string; paymentStatus: PaymentStatus; formData: JsonValue; paymentRef: string | null; registeredAt: Date; }'.
src/services/registration.service.ts(68,34): error TS2551: Property 'event' does not exist on type '{ id: string; status: RegistrationStatus; updatedAt: Date; userId: string; eventId: string; paymentStatus: PaymentStatus; formData: JsonValue; paymentRef: string | null; registeredAt: Date; }'. Did you mean 'eventId'?
src/utils/apiResponse.ts(38,9): error TS2698: Spread types may only be created from object types.
src/validators/registration.validator.ts(4,17): error TS2554: Expected 2-3 arguments, but got 1.
