src/middleware/error.middleware.ts(28,25): error TS2339: Property 'errors' does not exist on type 'ZodError<unknown>'.
src/middleware/error.middleware.ts(28,37): error TS7006: Parameter 'e' implicitly has an 'any' type.
src/middleware/validate.middleware.ts(2,10): error TS2724: '"zod"' has no exported member named 'AnyZodObject'. Did you mean 'ZodObject'?
src/routes/user.routes.ts(6,31): error TS2305: Module '"../validators/user.validator"' has no exported member 'changePasswordSchema'.
src/services/admin.service.ts(24,17): error TS2322: Type '{ _all: true; }' is not assignable to type 'never'.
src/services/registration.service.ts(54,17): error TS2322: Type 'Record<string, unknown>' is not assignable to type 'NullableJsonNullValueInput | InputJsonValue | undefined'.
  Type 'Record<string, unknown>' is missing the following properties from type 'readonly (InputJsonValue | null)[]': length, concat, join, slice, and 20 more.
src/services/registration.service.ts(64,34): error TS2339: Property 'user' does not exist on type '{ id: string; status: RegistrationStatus; updatedAt: Date; userId: string; eventId: string; paymentStatus: PaymentStatus; formData: JsonValue; paymentRef: string | null; registeredAt: Date; }'.
src/services/registration.service.ts(65,57): error TS2551: Property 'event' does not exist on type '{ id: string; status: RegistrationStatus; updatedAt: Date; userId: string; eventId: string; paymentStatus: PaymentStatus; formData: JsonValue; paymentRef: string | null; registeredAt: Date; }'. Did you mean 'eventId'?
src/services/registration.service.ts(67,34): error TS2339: Property 'user' does not exist on type '{ id: string; status: RegistrationStatus; updatedAt: Date; userId: string; eventId: string; paymentStatus: PaymentStatus; formData: JsonValue; paymentRef: string | null; registeredAt: Date; }'.
src/services/registration.service.ts(68,34): error TS2551: Property 'event' does not exist on type '{ id: string; status: RegistrationStatus; updatedAt: Date; userId: string; eventId: string; paymentStatus: PaymentStatus; formData: JsonValue; paymentRef: string | null; registeredAt: Date; }'. Did you mean 'eventId'?
src/utils/apiResponse.ts(38,9): error TS2698: Spread types may only be created from object types.
src/validators/registration.validator.ts(4,17): error TS2554: Expected 2-3 arguments, but got 1.
